MPLINK 5.08, LINKER
Linker Map File - Created Fri Apr 28 16:18:18 2017

                                 Section Info
                  Section       Type    Address   Location Size(Bytes)
                ---------  ---------  ---------  ---------  ---------
                 RES_VECT       code   0x000000    program   0x000002
                   .cinit    romdata   0x000001    program   0x000004
                MAIN_PROG       code   0x000003    program   0x000072
.config_2007_BUILD/DEFAULT/PRODUCTION/MAIN.O       code   0x002007    program   0x000002



                              Program Memory Usage 
                               Start         End      
                           ---------   ---------      
                            0x000000    0x00003b      
                            0x002007    0x002007      
            61 out of 1094 program addresses used, program memory utilization is 5%



                              Symbols - Sorted by Name
                     Name    Address   Location    Storage File                     
                ---------  ---------  ---------  --------- ---------                
                 CHK_PUSH   0x000020    program     static /Users/superoo7/Files/Programming/PIC16/lab1/test.X/main.asm
                  CHK_RA2   0x000036    program     static /Users/superoo7/Files/Programming/PIC16/lab1/test.X/main.asm
                  CHK_RA3   0x000039    program     static /Users/superoo7/Files/Programming/PIC16/lab1/test.X/main.asm
                DECREMENT   0x000031    program     static /Users/superoo7/Files/Programming/PIC16/lab1/test.X/main.asm
                    Delay   0x000017    program     static /Users/superoo7/Files/Programming/PIC16/lab1/test.X/main.asm
                INCREMENT   0x00002c    program     static /Users/superoo7/Files/Programming/PIC16/lab1/test.X/main.asm
                       L1   0x000019    program     static /Users/superoo7/Files/Programming/PIC16/lab1/test.X/main.asm
                       L2   0x00001b    program     static /Users/superoo7/Files/Programming/PIC16/lab1/test.X/main.asm
                RA2_FALSE   0x000024    program     static /Users/superoo7/Files/Programming/PIC16/lab1/test.X/main.asm
                 RA2_TRUE   0x000028    program     static /Users/superoo7/Files/Programming/PIC16/lab1/test.X/main.asm
                   RA_CHK   0x000020    program     static /Users/superoo7/Files/Programming/PIC16/lab1/test.X/main.asm
                    START   0x000003    program     static /Users/superoo7/Files/Programming/PIC16/lab1/test.X/main.asm
                    again   0x00000b    program     static /Users/superoo7/Files/Programming/PIC16/lab1/test.X/main.asm
                     loop   0x00000e    program     static /Users/superoo7/Files/Programming/PIC16/lab1/test.X/main.asm



                              Symbols - Sorted by Address
                     Name    Address   Location    Storage File                     
                ---------  ---------  ---------  --------- ---------                
                    START   0x000003    program     static /Users/superoo7/Files/Programming/PIC16/lab1/test.X/main.asm
                    again   0x00000b    program     static /Users/superoo7/Files/Programming/PIC16/lab1/test.X/main.asm
                     loop   0x00000e    program     static /Users/superoo7/Files/Programming/PIC16/lab1/test.X/main.asm
                    Delay   0x000017    program     static /Users/superoo7/Files/Programming/PIC16/lab1/test.X/main.asm
                       L1   0x000019    program     static /Users/superoo7/Files/Programming/PIC16/lab1/test.X/main.asm
                       L2   0x00001b    program     static /Users/superoo7/Files/Programming/PIC16/lab1/test.X/main.asm
                 CHK_PUSH   0x000020    program     static /Users/superoo7/Files/Programming/PIC16/lab1/test.X/main.asm
                   RA_CHK   0x000020    program     static /Users/superoo7/Files/Programming/PIC16/lab1/test.X/main.asm
                RA2_FALSE   0x000024    program     static /Users/superoo7/Files/Programming/PIC16/lab1/test.X/main.asm
                 RA2_TRUE   0x000028    program     static /Users/superoo7/Files/Programming/PIC16/lab1/test.X/main.asm
                INCREMENT   0x00002c    program     static /Users/superoo7/Files/Programming/PIC16/lab1/test.X/main.asm
                DECREMENT   0x000031    program     static /Users/superoo7/Files/Programming/PIC16/lab1/test.X/main.asm
                  CHK_RA2   0x000036    program     static /Users/superoo7/Files/Programming/PIC16/lab1/test.X/main.asm
                  CHK_RA3   0x000039    program     static /Users/superoo7/Files/Programming/PIC16/lab1/test.X/main.asm


