MPLINK 5.08, LINKER
Linker Map File - Created Tue May  2 13:37:42 2017

                                 Section Info
                  Section       Type    Address   Location Size(Bytes)
                ---------  ---------  ---------  ---------  ---------
                 RES_VECT       code   0x000000    program   0x000002
                   .cinit    romdata   0x000001    program   0x000004
                MAIN_PROG       code   0x000003    program   0x000096
.config_2007_BUILD/DEFAULT/PRODUCTION/MAIN.O       code   0x002007    program   0x000002



                              Program Memory Usage 
                               Start         End      
                           ---------   ---------      
                            0x000000    0x00004d      
                            0x002007    0x002007      
            79 out of 1094 program addresses used, program memory utilization is 7%



                              Symbols - Sorted by Name
                     Name    Address   Location    Storage File                     
                ---------  ---------  ---------  --------- ---------                
                 CHK_PUSH   0x00002a    program     static /Users/superoo7/Files/Programming/PIC16/lab1/test.X/main.asm
                  CHK_RA2   0x000048    program     static /Users/superoo7/Files/Programming/PIC16/lab1/test.X/main.asm
                  CHK_RA3   0x00004b    program     static /Users/superoo7/Files/Programming/PIC16/lab1/test.X/main.asm
               DECREMENT1   0x00003f    program     static /Users/superoo7/Files/Programming/PIC16/lab1/test.X/main.asm
               DECREMENT2   0x000045    program     static /Users/superoo7/Files/Programming/PIC16/lab1/test.X/main.asm
                    Delay   0x000021    program     static /Users/superoo7/Files/Programming/PIC16/lab1/test.X/main.asm
               INCREMENT1   0x000036    program     static /Users/superoo7/Files/Programming/PIC16/lab1/test.X/main.asm
               INCREMENT2   0x00003c    program     static /Users/superoo7/Files/Programming/PIC16/lab1/test.X/main.asm
                       L1   0x000023    program     static /Users/superoo7/Files/Programming/PIC16/lab1/test.X/main.asm
                       L2   0x000025    program     static /Users/superoo7/Files/Programming/PIC16/lab1/test.X/main.asm
                RA2_FALSE   0x00002e    program     static /Users/superoo7/Files/Programming/PIC16/lab1/test.X/main.asm
                 RA2_TRUE   0x000032    program     static /Users/superoo7/Files/Programming/PIC16/lab1/test.X/main.asm
                   RA_CHK   0x00002a    program     static /Users/superoo7/Files/Programming/PIC16/lab1/test.X/main.asm
                    START   0x000003    program     static /Users/superoo7/Files/Programming/PIC16/lab1/test.X/main.asm
                   again1   0x00000b    program     static /Users/superoo7/Files/Programming/PIC16/lab1/test.X/main.asm
                   again2   0x000011    program     static /Users/superoo7/Files/Programming/PIC16/lab1/test.X/main.asm
                     loop   0x000019    program     static /Users/superoo7/Files/Programming/PIC16/lab1/test.X/main.asm



                              Symbols - Sorted by Address
                     Name    Address   Location    Storage File                     
                ---------  ---------  ---------  --------- ---------                
                    START   0x000003    program     static /Users/superoo7/Files/Programming/PIC16/lab1/test.X/main.asm
                   again1   0x00000b    program     static /Users/superoo7/Files/Programming/PIC16/lab1/test.X/main.asm
                   again2   0x000011    program     static /Users/superoo7/Files/Programming/PIC16/lab1/test.X/main.asm
                     loop   0x000019    program     static /Users/superoo7/Files/Programming/PIC16/lab1/test.X/main.asm
                    Delay   0x000021    program     static /Users/superoo7/Files/Programming/PIC16/lab1/test.X/main.asm
                       L1   0x000023    program     static /Users/superoo7/Files/Programming/PIC16/lab1/test.X/main.asm
                       L2   0x000025    program     static /Users/superoo7/Files/Programming/PIC16/lab1/test.X/main.asm
                   RA_CHK   0x00002a    program     static /Users/superoo7/Files/Programming/PIC16/lab1/test.X/main.asm
                 CHK_PUSH   0x00002a    program     static /Users/superoo7/Files/Programming/PIC16/lab1/test.X/main.asm
                RA2_FALSE   0x00002e    program     static /Users/superoo7/Files/Programming/PIC16/lab1/test.X/main.asm
                 RA2_TRUE   0x000032    program     static /Users/superoo7/Files/Programming/PIC16/lab1/test.X/main.asm
               INCREMENT1   0x000036    program     static /Users/superoo7/Files/Programming/PIC16/lab1/test.X/main.asm
               INCREMENT2   0x00003c    program     static /Users/superoo7/Files/Programming/PIC16/lab1/test.X/main.asm
               DECREMENT1   0x00003f    program     static /Users/superoo7/Files/Programming/PIC16/lab1/test.X/main.asm
               DECREMENT2   0x000045    program     static /Users/superoo7/Files/Programming/PIC16/lab1/test.X/main.asm
                  CHK_RA2   0x000048    program     static /Users/superoo7/Files/Programming/PIC16/lab1/test.X/main.asm
                  CHK_RA3   0x00004b    program     static /Users/superoo7/Files/Programming/PIC16/lab1/test.X/main.asm


